../Core/Src/main.c:78:6:HAL_TIM_PeriodElapsedCallback	56	static
../Core/Src/main.c:95:6:Task_ReadDHT	8	static
../Core/Src/main.c:100:6:Task_LCD_Display	16	static
../Core/Src/main.c:112:6:Task_UART_Send	88	static
../Core/Src/main.c:123:6:App_ExecutePeriodicTasks	8	static
../Core/Src/main.c:135:5:main	8	static
../Core/Src/main.c:182:6:SystemClock_Config	72	static
../Core/Src/main.c:217:13:MX_I2C2_Init	8	static
../Core/Src/main.c:239:13:MX_TIM1_Init	32	static
../Core/Src/main.c:273:13:MX_TIM2_Init	48	static
../Core/Src/main.c:317:13:MX_TIM4_Init	48	static
../Core/Src/main.c:365:13:MX_USART2_UART_Init	8	static
../Core/Src/main.c:386:13:MX_GPIO_Init	40	static
../Core/Src/main.c:410:6:Error_Handler	4	static,ignoring_inline_asm
